{
    "GLDS-367: Should run without failures": {
        "content": [
            {
                "runsheet": [
                    "OSD-367_microarray_v0_runsheet.csv:md5,6b066905180d502a70e4ad9fc094433d"
                ],
                "isaArchive": [
                    "GLDS-367_metadata_GLDS-367-ISA.zip:md5,130bb4f9fded2750631cfed98c173c06"
                ]
            }
        ],
        "timestamp": "2023-02-15T00:16:07+0000"
    }
}